I'm sorry, but errors were detected in your script. Please correct the
errors listed below, and try again.


File "game/script.rpy", line 16: expected 'image_name_component' not found.
    scene "images/emergea.png"
          ^

Ren'Py Version: Ren'Py 8.1.0.23051307
Mon Oct 30 17:31:11 2023
